<!DOCTYPE html>
<html xmlns="http://www.w3.org/1999/xhtml" lang="en" xml:lang="en">
  <head>
    <meta http-equiv="Content-Type" content="text/html; charset=UTF-8" />
    <title>Jade</title>
    <script type="text/javascript">if (foo) {
   bar()
}</script>
  </head>
  <body>
    <h1>Jade - node template engine</h1>
    <div id="container">
      <p>You are amazing</p>
    </div>
  </body>
</html>
