<html xmlns="http://www.w3.org/1999/xhtml">
  <head>
    <meta http-equiv="Content-Type" content="text/html; charset=UTF-8" />
    <script src="/jquery.js"></script>
  </head>
  <body>
    <h1>My Site</h1>
    <p>Welcome to my super amazing site.</p>
    <div id="footer">
      <p>Copyright&gt;(c) foobar</p>
    </div>
  </body>
</html>
