<div>
  <p>Hello World!</p>
  <p>Foo says bar</p>
  <p>Play I Am the Walrus from The Beatles</p>
  <p>Dev rocks!</p>
</div>
